// Jest Snapshot v1, https://goo.gl/fbAQLP

exports[`List renders correctly 1`] = `
<div>
  <h1>
    title
  </h1>
  <button>
    Get list
  </button>
  <div>
    Loading
  </div>
</div>
`;
